default tcp,<empty>,<empty>,<empty>,<empty>
iser iser,<empty>,<empty>,<empty>,<empty>
eth1 tcp,<empty>,<empty>,SAN1,<empty>
eth2 tcp,<empty>,<empty>,eth2,<empty>
